2025-10-31 19:53:57,247 - INFO - ============================================================
2025-10-31 19:53:57,249 - ERROR - Traceback (most recent call last):
  File "C:\Users\david\OneDrive\Workspace\Python Projects\UI.UX\ml-backend\fixed_betting_trainer.py", line 435, in run_complete_training
    df = self.load_and_clean_data()
         ^^^^^^^^^^^^^^^^^^^^^^^^^^
  File "C:\Users\david\OneDrive\Workspace\Python Projects\UI.UX\ml-backend\fixed_betting_trainer.py", line 93, in load_and_clean_data
    raise ValueError("No data files found!")
ValueError: No data files found!

2025-10-31 19:58:00,096 - INFO - Starting Fixed NFL Betting Trainer
2025-10-31 19:58:00,097 - INFO - ============================================================
2025-10-31 19:58:00,097 - INFO - Loading NFL data with temporal awareness...
2025-10-31 19:58:00,113 - INFO - Loaded nfl_data/passing_stats_historical_clean.csv: 2686 records
2025-10-31 19:58:00,141 - INFO - Loaded nfl_data/rushing_stats_historical_clean.csv: 13167 records
2025-10-31 19:58:00,176 - INFO - Loaded nfl_data/receiving_stats_historical_clean.csv: 14512 records
2025-10-31 19:58:00,233 - INFO - Loaded nfl_data/defense_stats_historical_clean.csv: 33646 records
2025-10-31 19:58:00,253 - INFO - Loaded nfl_data/scoring_stats_historical_clean.csv: 12082 records
2025-10-31 19:58:00,291 - INFO - Loaded nfl_data/scrimmage_stats_historical_clean.csv: 15271 records
2025-10-31 19:58:00,310 - INFO - Loaded nfl_data/returns_stats_historical_clean.csv: 5874 records
2025-10-31 19:58:00,327 - INFO - Loaded processed_data/processed_defense_data.csv: 3434 records
2025-10-31 19:58:00,337 - INFO - Loaded processed_data/processed_kicking_data.csv: 1190 records
2025-10-31 19:58:00,350 - INFO - Loaded processed_data/processed_receiving_data.csv: 12637 records
2025-10-31 19:58:00,361 - INFO - Loaded processed_data/processed_rushing_data.csv: 2773 records
2025-10-31 19:58:00,409 - INFO - Combined dataset: 117272 total records
2025-10-31 19:58:00,651 - INFO - Creating realistic betting targets...
2025-10-31 19:58:00,651 - INFO - Created 0 realistic betting targets
2025-10-31 19:58:00,651 - INFO - Creating temporal-aware features...
2025-10-31 19:58:01,218 - ERROR - Training failed: could not convert string to float: 'Julian Edelman'
2025-10-31 19:58:01,292 - ERROR - Traceback (most recent call last):
  File "C:\Users\david\AppData\Local\Packages\PythonSoftwareFoundation.Python.3.11_qbz5n2kfra8p0\LocalCache\local-packages\Python311\site-packages\pandas\core\nanops.py", line 789, in nanmedian
    values = values.astype("f8")
             ^^^^^^^^^^^^^^^^^^^
ValueError: could not convert string to float: 'Julian Edelman'

The above exception was the direct cause of the following exception:

Traceback (most recent call last):
  File "C:\Users\david\OneDrive\Workspace\Python Projects\UI.UX\ml-backend\fixed_betting_trainer.py", line 477, in run_complete_training
    df, features = self.create_temporal_features(df)
                   ^^^^^^^^^^^^^^^^^^^^^^^^^^^^^^^^^
  File "C:\Users\david\OneDrive\Workspace\Python Projects\UI.UX\ml-backend\fixed_betting_trainer.py", line 265, in create_temporal_features
    features = features.fillna(features.median())
                               ^^^^^^^^^^^^^^^^^
  File "C:\Users\david\AppData\Local\Packages\PythonSoftwareFoundation.Python.3.11_qbz5n2kfra8p0\LocalCache\local-packages\Python311\site-packages\pandas\core\frame.py", line 11706, in median
    result = super().median(axis, skipna, numeric_only, **kwargs)
             ^^^^^^^^^^^^^^^^^^^^^^^^^^^^^^^^^^^^^^^^^^^^^^^^^^^^
  File "C:\Users\david\AppData\Local\Packages\PythonSoftwareFoundation.Python.3.11_qbz5n2kfra8p0\LocalCache\local-packages\Python311\site-packages\pandas\core\generic.py", line 12431, in median
    return self._stat_function(
           ^^^^^^^^^^^^^^^^^^^^
  File "C:\Users\david\AppData\Local\Packages\PythonSoftwareFoundation.Python.3.11_qbz5n2kfra8p0\LocalCache\local-packages\Python311\site-packages\pandas\core\generic.py", line 12377, in _stat_function
    return self._reduce(
           ^^^^^^^^^^^^^
  File "C:\Users\david\AppData\Local\Packages\PythonSoftwareFoundation.Python.3.11_qbz5n2kfra8p0\LocalCache\local-packages\Python311\site-packages\pandas\core\frame.py", line 11562, in _reduce
    res = df._mgr.reduce(blk_func)
          ^^^^^^^^^^^^^^^^^^^^^^^^
  File "C:\Users\david\AppData\Local\Packages\PythonSoftwareFoundation.Python.3.11_qbz5n2kfra8p0\LocalCache\local-packages\Python311\site-packages\pandas\core\internals\managers.py", line 1500, in reduce
    nbs = blk.reduce(func)
          ^^^^^^^^^^^^^^^^
  File "C:\Users\david\AppData\Local\Packages\PythonSoftwareFoundation.Python.3.11_qbz5n2kfra8p0\LocalCache\local-packages\Python311\site-packages\pandas\core\internals\blocks.py", line 404, in reduce
    result = func(self.values)
             ^^^^^^^^^^^^^^^^^
  File "C:\Users\david\AppData\Local\Packages\PythonSoftwareFoundation.Python.3.11_qbz5n2kfra8p0\LocalCache\local-packages\Python311\site-packages\pandas\core\frame.py", line 11481, in blk_func
    return op(values, axis=axis, skipna=skipna, **kwds)
           ^^^^^^^^^^^^^^^^^^^^^^^^^^^^^^^^^^^^^^^^^^^^
  File "C:\Users\david\AppData\Local\Packages\PythonSoftwareFoundation.Python.3.11_qbz5n2kfra8p0\LocalCache\local-packages\Python311\site-packages\pandas\core\nanops.py", line 147, in f
    result = alt(values, axis=axis, skipna=skipna, **kwds)
             ^^^^^^^^^^^^^^^^^^^^^^^^^^^^^^^^^^^^^^^^^^^^^
  File "C:\Users\david\AppData\Local\Packages\PythonSoftwareFoundation.Python.3.11_qbz5n2kfra8p0\LocalCache\local-packages\Python311\site-packages\pandas\core\nanops.py", line 792, in nanmedian
    raise TypeError(str(err)) from err
TypeError: could not convert string to float: 'Julian Edelman'

2025-10-31 20:00:24,656 - INFO - Starting Fixed NFL Betting Trainer
2025-10-31 20:00:24,656 - INFO - ============================================================
2025-10-31 20:00:24,656 - INFO - Loading NFL data with temporal awareness...
2025-10-31 20:00:24,665 - INFO - Loaded nfl_data/passing_stats_historical_clean.csv: 2686 records
2025-10-31 20:00:24,688 - INFO - Loaded nfl_data/rushing_stats_historical_clean.csv: 13167 records
2025-10-31 20:00:24,709 - INFO - Loaded nfl_data/receiving_stats_historical_clean.csv: 14512 records
2025-10-31 20:00:24,760 - INFO - Loaded nfl_data/defense_stats_historical_clean.csv: 33646 records
2025-10-31 20:00:24,773 - INFO - Loaded nfl_data/scoring_stats_historical_clean.csv: 12082 records
2025-10-31 20:00:24,801 - INFO - Loaded nfl_data/scrimmage_stats_historical_clean.csv: 15271 records
2025-10-31 20:00:24,812 - INFO - Loaded nfl_data/returns_stats_historical_clean.csv: 5874 records
2025-10-31 20:00:24,816 - INFO - Loaded processed_data/processed_defense_data.csv: 3434 records
2025-10-31 20:00:24,818 - INFO - Loaded processed_data/processed_kicking_data.csv: 1190 records
2025-10-31 20:00:24,823 - INFO - Loaded processed_data/processed_receiving_data.csv: 12637 records
2025-10-31 20:00:24,825 - INFO - Loaded processed_data/processed_rushing_data.csv: 2773 records
2025-10-31 20:00:24,879 - INFO - Combined dataset: 117272 total records
2025-10-31 20:00:25,119 - INFO - Creating realistic betting targets...
2025-10-31 20:00:25,119 - INFO - Created 0 realistic betting targets
2025-10-31 20:00:25,119 - INFO - Creating temporal-aware features...
2025-10-31 20:00:25,800 - INFO - Created 230 temporal features
2025-10-31 20:00:25,815 - INFO - Creating temporal train/test splits...
2025-10-31 20:00:26,047 - INFO - Train: 93817 samples, Test: 23455 samples
2025-10-31 20:00:26,048 - INFO - Train period: temporal_order 202001 to 202401
2025-10-31 20:00:26,048 - INFO - Test period: temporal_order 202401 to 202417
2025-10-31 20:00:26,055 - INFO - Training GPU-accelerated XGBoost models...
2025-10-31 20:00:26,055 - INFO - Evaluating models on temporal test set...
2025-10-31 20:00:26,065 - ERROR - Training failed: 'accuracy'
2025-10-31 20:00:26,078 - ERROR - Traceback (most recent call last):
  File "C:\Users\david\OneDrive\Workspace\Python Projects\UI.UX\ml-backend\fixed_betting_trainer.py", line 489, in run_complete_training
    results = self.evaluate_models(X_test, test_targets)
              ^^^^^^^^^^^^^^^^^^^^^^^^^^^^^^^^^^^^^^^^^^
  File "C:\Users\david\OneDrive\Workspace\Python Projects\UI.UX\ml-backend\fixed_betting_trainer.py", line 413, in evaluate_models
    avg_accuracy = results_df['accuracy'].mean()
                   ~~~~~~~~~~^^^^^^^^^^^^
  File "C:\Users\david\AppData\Local\Packages\PythonSoftwareFoundation.Python.3.11_qbz5n2kfra8p0\LocalCache\local-packages\Python311\site-packages\pandas\core\frame.py", line 4102, in __getitem__
    indexer = self.columns.get_loc(key)
              ^^^^^^^^^^^^^^^^^^^^^^^^^
  File "C:\Users\david\AppData\Local\Packages\PythonSoftwareFoundation.Python.3.11_qbz5n2kfra8p0\LocalCache\local-packages\Python311\site-packages\pandas\core\indexes\range.py", line 417, in get_loc
    raise KeyError(key)
KeyError: 'accuracy'

2025-10-31 20:02:09,036 - INFO - Starting Fixed NFL Betting Trainer
2025-10-31 20:02:09,037 - INFO - ============================================================
2025-10-31 20:02:09,037 - INFO - Loading NFL data with temporal awareness...
2025-10-31 20:02:09,046 - INFO - Loaded nfl_data/passing_stats_historical_clean.csv: 2686 records
2025-10-31 20:02:09,068 - INFO - Loaded nfl_data/rushing_stats_historical_clean.csv: 13167 records
2025-10-31 20:02:09,088 - INFO - Loaded nfl_data/receiving_stats_historical_clean.csv: 14512 records
2025-10-31 20:02:09,137 - INFO - Loaded nfl_data/defense_stats_historical_clean.csv: 33646 records
2025-10-31 20:02:09,152 - INFO - Loaded nfl_data/scoring_stats_historical_clean.csv: 12082 records
2025-10-31 20:02:09,178 - INFO - Loaded nfl_data/scrimmage_stats_historical_clean.csv: 15271 records
2025-10-31 20:02:09,190 - INFO - Loaded nfl_data/returns_stats_historical_clean.csv: 5874 records
2025-10-31 20:02:09,196 - INFO - Loaded processed_data/processed_defense_data.csv: 3434 records
2025-10-31 20:02:09,197 - INFO - Loaded processed_data/processed_kicking_data.csv: 1190 records
2025-10-31 20:02:09,203 - INFO - Loaded processed_data/processed_receiving_data.csv: 12637 records
2025-10-31 20:02:09,205 - INFO - Loaded processed_data/processed_rushing_data.csv: 2773 records
2025-10-31 20:02:09,253 - INFO - Combined dataset: 117272 total records
2025-10-31 20:02:09,491 - INFO - Creating realistic betting targets...
2025-10-31 20:02:09,555 - INFO - Created 14 realistic betting targets
2025-10-31 20:02:09,555 - INFO -    qb_over_250_yards: 6.2% hit rate
2025-10-31 20:02:09,555 - INFO -    qb_over_300_yards: 5.6% hit rate
2025-10-31 20:02:09,555 - INFO -    qb_over_2_tds: 1.6% hit rate
2025-10-31 20:02:09,556 - INFO -    rb_over_100_yards: 3.2% hit rate
2025-10-31 20:02:09,556 - INFO -    rb_over_80_yards: 3.5% hit rate
2025-10-31 20:02:09,566 - INFO - Creating temporal-aware features...
2025-10-31 20:02:10,302 - INFO - Created 231 temporal features
2025-10-31 20:02:10,318 - INFO - Creating temporal train/test splits...
2025-10-31 20:02:10,560 - INFO - Train: 93817 samples, Test: 23455 samples
2025-10-31 20:02:10,560 - INFO - Train period: temporal_order 202001 to 202317
2025-10-31 20:02:10,560 - INFO - Test period: temporal_order 202317 to 202417
2025-10-31 20:02:10,569 - INFO - Training GPU-accelerated XGBoost models...
2025-10-31 20:02:10,569 - INFO - Training model 1/14: qb_over_250_yards
2025-10-31 20:02:11,360 - ERROR - Training failed: 
All the 3 fits failed.
It is very likely that your model is misconfigured.
You can try to debug the error by setting error_score='raise'.

Below are more details about the failures:
--------------------------------------------------------------------------------
1 fits failed with the following error:
Traceback (most recent call last):
  File "C:\Users\david\AppData\Local\Packages\PythonSoftwareFoundation.Python.3.11_qbz5n2kfra8p0\LocalCache\local-packages\Python311\site-packages\sklearn\model_selection\_validation.py", line 888, in _fit_and_score
    estimator.fit(X_train, y_train, **fit_params)
  File "C:\Users\david\AppData\Local\Packages\PythonSoftwareFoundation.Python.3.11_qbz5n2kfra8p0\LocalCache\local-packages\Python311\site-packages\xgboost\core.py", line 726, in inner_f
    return func(**kwargs)
           ^^^^^^^^^^^^^^
  File "C:\Users\david\AppData\Local\Packages\PythonSoftwareFoundation.Python.3.11_qbz5n2kfra8p0\LocalCache\local-packages\Python311\site-packages\xgboost\sklearn.py", line 1108, in fit
    self._Booster = train(
                    ^^^^^^
  File "C:\Users\david\AppData\Local\Packages\PythonSoftwareFoundation.Python.3.11_qbz5n2kfra8p0\LocalCache\local-packages\Python311\site-packages\xgboost\core.py", line 726, in inner_f
    return func(**kwargs)
           ^^^^^^^^^^^^^^
  File "C:\Users\david\AppData\Local\Packages\PythonSoftwareFoundation.Python.3.11_qbz5n2kfra8p0\LocalCache\local-packages\Python311\site-packages\xgboost\training.py", line 181, in train
    bst.update(dtrain, iteration=i, fobj=obj)
  File "C:\Users\david\AppData\Local\Packages\PythonSoftwareFoundation.Python.3.11_qbz5n2kfra8p0\LocalCache\local-packages\Python311\site-packages\xgboost\core.py", line 2100, in update
    _check_call(
  File "C:\Users\david\AppData\Local\Packages\PythonSoftwareFoundation.Python.3.11_qbz5n2kfra8p0\LocalCache\local-packages\Python311\site-packages\xgboost\core.py", line 284, in _check_call
    raise XGBoostError(py_str(_LIB.XGBGetLastError()))
xgboost.core.XGBoostError: [20:02:10] C:\buildkite-agent\builds\buildkite-windows-cpu-autoscaling-group-i-0015a694724fa8361-1\xgboost\xgboost-ci-windows\src\context.cc:239: Both `device` and `gpu_id` are specified. Use `device` instead.

--------------------------------------------------------------------------------
2 fits failed with the following error:
Traceback (most recent call last):
  File "C:\Users\david\AppData\Local\Packages\PythonSoftwareFoundation.Python.3.11_qbz5n2kfra8p0\LocalCache\local-packages\Python311\site-packages\sklearn\model_selection\_validation.py", line 888, in _fit_and_score
    estimator.fit(X_train, y_train, **fit_params)
  File "C:\Users\david\AppData\Local\Packages\PythonSoftwareFoundation.Python.3.11_qbz5n2kfra8p0\LocalCache\local-packages\Python311\site-packages\xgboost\core.py", line 726, in inner_f
    return func(**kwargs)
           ^^^^^^^^^^^^^^
  File "C:\Users\david\AppData\Local\Packages\PythonSoftwareFoundation.Python.3.11_qbz5n2kfra8p0\LocalCache\local-packages\Python311\site-packages\xgboost\sklearn.py", line 1108, in fit
    self._Booster = train(
                    ^^^^^^
  File "C:\Users\david\AppData\Local\Packages\PythonSoftwareFoundation.Python.3.11_qbz5n2kfra8p0\LocalCache\local-packages\Python311\site-packages\xgboost\core.py", line 726, in inner_f
    return func(**kwargs)
           ^^^^^^^^^^^^^^
  File "C:\Users\david\AppData\Local\Packages\PythonSoftwareFoundation.Python.3.11_qbz5n2kfra8p0\LocalCache\local-packages\Python311\site-packages\xgboost\training.py", line 181, in train
    bst.update(dtrain, iteration=i, fobj=obj)
  File "C:\Users\david\AppData\Local\Packages\PythonSoftwareFoundation.Python.3.11_qbz5n2kfra8p0\LocalCache\local-packages\Python311\site-packages\xgboost\core.py", line 2100, in update
    _check_call(
  File "C:\Users\david\AppData\Local\Packages\PythonSoftwareFoundation.Python.3.11_qbz5n2kfra8p0\LocalCache\local-packages\Python311\site-packages\xgboost\core.py", line 284, in _check_call
    raise XGBoostError(py_str(_LIB.XGBGetLastError()))
xgboost.core.XGBoostError: [20:02:11] C:\buildkite-agent\builds\buildkite-windows-cpu-autoscaling-group-i-0015a694724fa8361-1\xgboost\xgboost-ci-windows\src\context.cc:239: Both `device` and `gpu_id` are specified. Use `device` instead.

2025-10-31 20:02:11,380 - ERROR - Traceback (most recent call last):
  File "C:\Users\david\OneDrive\Workspace\Python Projects\UI.UX\ml-backend\fixed_betting_trainer.py", line 480, in run_complete_training
    self.train_models(X_train, train_targets)
  File "C:\Users\david\OneDrive\Workspace\Python Projects\UI.UX\ml-backend\fixed_betting_trainer.py", line 342, in train_models
    cv_scores = cross_val_score(model, X_train_scaled, y_train, cv=tscv, scoring='accuracy')
                ^^^^^^^^^^^^^^^^^^^^^^^^^^^^^^^^^^^^^^^^^^^^^^^^^^^^^^^^^^^^^^^^^^^^^^^^^^^^
  File "C:\Users\david\AppData\Local\Packages\PythonSoftwareFoundation.Python.3.11_qbz5n2kfra8p0\LocalCache\local-packages\Python311\site-packages\sklearn\utils\_param_validation.py", line 213, in wrapper
    return func(*args, **kwargs)
           ^^^^^^^^^^^^^^^^^^^^^
  File "C:\Users\david\AppData\Local\Packages\PythonSoftwareFoundation.Python.3.11_qbz5n2kfra8p0\LocalCache\local-packages\Python311\site-packages\sklearn\model_selection\_validation.py", line 712, in cross_val_score
    cv_results = cross_validate(
                 ^^^^^^^^^^^^^^^
  File "C:\Users\david\AppData\Local\Packages\PythonSoftwareFoundation.Python.3.11_qbz5n2kfra8p0\LocalCache\local-packages\Python311\site-packages\sklearn\utils\_param_validation.py", line 213, in wrapper
    return func(*args, **kwargs)
           ^^^^^^^^^^^^^^^^^^^^^
  File "C:\Users\david\AppData\Local\Packages\PythonSoftwareFoundation.Python.3.11_qbz5n2kfra8p0\LocalCache\local-packages\Python311\site-packages\sklearn\model_selection\_validation.py", line 443, in cross_validate
    _warn_or_raise_about_fit_failures(results, error_score)
  File "C:\Users\david\AppData\Local\Packages\PythonSoftwareFoundation.Python.3.11_qbz5n2kfra8p0\LocalCache\local-packages\Python311\site-packages\sklearn\model_selection\_validation.py", line 529, in _warn_or_raise_about_fit_failures
    raise ValueError(all_fits_failed_message)
ValueError: 
All the 3 fits failed.
It is very likely that your model is misconfigured.
You can try to debug the error by setting error_score='raise'.

Below are more details about the failures:
--------------------------------------------------------------------------------
1 fits failed with the following error:
Traceback (most recent call last):
  File "C:\Users\david\AppData\Local\Packages\PythonSoftwareFoundation.Python.3.11_qbz5n2kfra8p0\LocalCache\local-packages\Python311\site-packages\sklearn\model_selection\_validation.py", line 888, in _fit_and_score
    estimator.fit(X_train, y_train, **fit_params)
  File "C:\Users\david\AppData\Local\Packages\PythonSoftwareFoundation.Python.3.11_qbz5n2kfra8p0\LocalCache\local-packages\Python311\site-packages\xgboost\core.py", line 726, in inner_f
    return func(**kwargs)
           ^^^^^^^^^^^^^^
  File "C:\Users\david\AppData\Local\Packages\PythonSoftwareFoundation.Python.3.11_qbz5n2kfra8p0\LocalCache\local-packages\Python311\site-packages\xgboost\sklearn.py", line 1108, in fit
    self._Booster = train(
                    ^^^^^^
  File "C:\Users\david\AppData\Local\Packages\PythonSoftwareFoundation.Python.3.11_qbz5n2kfra8p0\LocalCache\local-packages\Python311\site-packages\xgboost\core.py", line 726, in inner_f
    return func(**kwargs)
           ^^^^^^^^^^^^^^
  File "C:\Users\david\AppData\Local\Packages\PythonSoftwareFoundation.Python.3.11_qbz5n2kfra8p0\LocalCache\local-packages\Python311\site-packages\xgboost\training.py", line 181, in train
    bst.update(dtrain, iteration=i, fobj=obj)
  File "C:\Users\david\AppData\Local\Packages\PythonSoftwareFoundation.Python.3.11_qbz5n2kfra8p0\LocalCache\local-packages\Python311\site-packages\xgboost\core.py", line 2100, in update
    _check_call(
  File "C:\Users\david\AppData\Local\Packages\PythonSoftwareFoundation.Python.3.11_qbz5n2kfra8p0\LocalCache\local-packages\Python311\site-packages\xgboost\core.py", line 284, in _check_call
    raise XGBoostError(py_str(_LIB.XGBGetLastError()))
xgboost.core.XGBoostError: [20:02:10] C:\buildkite-agent\builds\buildkite-windows-cpu-autoscaling-group-i-0015a694724fa8361-1\xgboost\xgboost-ci-windows\src\context.cc:239: Both `device` and `gpu_id` are specified. Use `device` instead.

--------------------------------------------------------------------------------
2 fits failed with the following error:
Traceback (most recent call last):
  File "C:\Users\david\AppData\Local\Packages\PythonSoftwareFoundation.Python.3.11_qbz5n2kfra8p0\LocalCache\local-packages\Python311\site-packages\sklearn\model_selection\_validation.py", line 888, in _fit_and_score
    estimator.fit(X_train, y_train, **fit_params)
  File "C:\Users\david\AppData\Local\Packages\PythonSoftwareFoundation.Python.3.11_qbz5n2kfra8p0\LocalCache\local-packages\Python311\site-packages\xgboost\core.py", line 726, in inner_f
    return func(**kwargs)
           ^^^^^^^^^^^^^^
  File "C:\Users\david\AppData\Local\Packages\PythonSoftwareFoundation.Python.3.11_qbz5n2kfra8p0\LocalCache\local-packages\Python311\site-packages\xgboost\sklearn.py", line 1108, in fit
    self._Booster = train(
                    ^^^^^^
  File "C:\Users\david\AppData\Local\Packages\PythonSoftwareFoundation.Python.3.11_qbz5n2kfra8p0\LocalCache\local-packages\Python311\site-packages\xgboost\core.py", line 726, in inner_f
    return func(**kwargs)
           ^^^^^^^^^^^^^^
  File "C:\Users\david\AppData\Local\Packages\PythonSoftwareFoundation.Python.3.11_qbz5n2kfra8p0\LocalCache\local-packages\Python311\site-packages\xgboost\training.py", line 181, in train
    bst.update(dtrain, iteration=i, fobj=obj)
  File "C:\Users\david\AppData\Local\Packages\PythonSoftwareFoundation.Python.3.11_qbz5n2kfra8p0\LocalCache\local-packages\Python311\site-packages\xgboost\core.py", line 2100, in update
    _check_call(
  File "C:\Users\david\AppData\Local\Packages\PythonSoftwareFoundation.Python.3.11_qbz5n2kfra8p0\LocalCache\local-packages\Python311\site-packages\xgboost\core.py", line 284, in _check_call
    raise XGBoostError(py_str(_LIB.XGBGetLastError()))
xgboost.core.XGBoostError: [20:02:11] C:\buildkite-agent\builds\buildkite-windows-cpu-autoscaling-group-i-0015a694724fa8361-1\xgboost\xgboost-ci-windows\src\context.cc:239: Both `device` and `gpu_id` are specified. Use `device` instead.


2025-10-31 20:02:37,071 - INFO - Starting Fixed NFL Betting Trainer
2025-10-31 20:02:37,071 - INFO - ============================================================
2025-10-31 20:02:37,071 - INFO - Loading NFL data with temporal awareness...
2025-10-31 20:02:37,079 - INFO - Loaded nfl_data/passing_stats_historical_clean.csv: 2686 records
2025-10-31 20:02:37,101 - INFO - Loaded nfl_data/rushing_stats_historical_clean.csv: 13167 records
2025-10-31 20:02:37,122 - INFO - Loaded nfl_data/receiving_stats_historical_clean.csv: 14512 records
2025-10-31 20:02:37,173 - INFO - Loaded nfl_data/defense_stats_historical_clean.csv: 33646 records
2025-10-31 20:02:37,187 - INFO - Loaded nfl_data/scoring_stats_historical_clean.csv: 12082 records
2025-10-31 20:02:37,217 - INFO - Loaded nfl_data/scrimmage_stats_historical_clean.csv: 15271 records
2025-10-31 20:02:37,226 - INFO - Loaded nfl_data/returns_stats_historical_clean.csv: 5874 records
2025-10-31 20:02:37,231 - INFO - Loaded processed_data/processed_defense_data.csv: 3434 records
2025-10-31 20:02:37,234 - INFO - Loaded processed_data/processed_kicking_data.csv: 1190 records
2025-10-31 20:02:37,239 - INFO - Loaded processed_data/processed_receiving_data.csv: 12637 records
2025-10-31 20:02:37,241 - INFO - Loaded processed_data/processed_rushing_data.csv: 2773 records
2025-10-31 20:02:37,291 - INFO - Combined dataset: 117272 total records
2025-10-31 20:02:37,530 - INFO - Creating realistic betting targets...
2025-10-31 20:02:37,587 - INFO - Created 14 realistic betting targets
2025-10-31 20:02:37,587 - INFO -    qb_over_250_yards: 6.2% hit rate
2025-10-31 20:02:37,587 - INFO -    qb_over_300_yards: 5.6% hit rate
2025-10-31 20:02:37,587 - INFO -    qb_over_2_tds: 1.6% hit rate
2025-10-31 20:02:37,587 - INFO -    rb_over_100_yards: 3.2% hit rate
2025-10-31 20:02:37,589 - INFO -    rb_over_80_yards: 3.5% hit rate
2025-10-31 20:02:37,596 - INFO - Creating temporal-aware features...
2025-10-31 20:02:38,541 - INFO - Created 231 temporal features
2025-10-31 20:02:38,560 - INFO - Creating temporal train/test splits...
2025-10-31 20:02:38,826 - INFO - Train: 93817 samples, Test: 23455 samples
2025-10-31 20:02:38,826 - INFO - Train period: temporal_order 202001 to 202401
2025-10-31 20:02:38,826 - INFO - Test period: temporal_order 202401 to 202417
2025-10-31 20:02:38,834 - INFO - Training GPU-accelerated XGBoost models...
2025-10-31 20:02:38,835 - INFO - Training model 1/14: qb_over_250_yards
2025-10-31 20:02:50,440 - INFO -    Params 200-6-0.1: nan accuracy
2025-10-31 20:03:06,480 - INFO -    Params 400-4-0.15: nan accuracy
2025-10-31 20:03:29,790 - INFO -    Params 300-8-0.1: nan accuracy
2025-10-31 20:03:29,790 - ERROR - Training failed: xgboost.sklearn.XGBRegressor() argument after ** must be a mapping, not NoneType
2025-10-31 20:03:29,790 - ERROR - Traceback (most recent call last):
  File "C:\Users\david\OneDrive\Workspace\Python Projects\UI.UX\ml-backend\fixed_betting_trainer.py", line 479, in run_complete_training
    self.train_models(X_train, train_targets)
  File "C:\Users\david\OneDrive\Workspace\Python Projects\UI.UX\ml-backend\fixed_betting_trainer.py", line 351, in train_models
    final_model = xgb.XGBRegressor(**best_params)
                  ^^^^^^^^^^^^^^^^^^^^^^^^^^^^^^^
TypeError: xgboost.sklearn.XGBRegressor() argument after ** must be a mapping, not NoneType

